// Jest Snapshot v1, https://goo.gl/fbAQLP

exports[`GetGoalsByPlanId buildQuery 1`] = `"select * from goal where planId = '1'"`;
