// Jest Snapshot v1, https://goo.gl/fbAQLP

exports[`GetResultsByQuery buildQuery 1`] = `"select * from result where userUniqueId = 'uid' AND date = 'date'"`;
